// Jest Snapshot v1, https://goo.gl/fbAQLP

exports[`<Addon/> should render Add On correctly 1`] = `
<DocumentFragment>
  .c0 {
  display: -webkit-box;
  display: -webkit-flex;
  display: -ms-flexbox;
  display: flex;
  -webkit-flex-direction: column;
  -ms-flex-direction: column;
  flex-direction: column;
}

.c0 img {
  margin: 1rem;
  width: 160px;
  border-radius: 10px;
}

.c2 {
  display: -webkit-box;
  display: -webkit-flex;
  display: -ms-flexbox;
  display: flex;
  -webkit-flex-direction: column;
  -ms-flex-direction: column;
  flex-direction: column;
}

.c3 {
  text-align: center;
  text-transform: uppercase;
  font-weight: bold;
  font-family: BoldVf !important;
  -webkit-box-pack: center;
  -webkit-justify-content: center;
  -ms-flex-pack: center;
  justify-content: center;
  font-size: 1.2em;
  margin: 0.5em 0em 0.5em 0em;
}

.c4 {
  color: black;
  font-size: em;
  padding-left: 2em;
  padding-right: 2em;
  width: calc(100% - 4em);
}

.c4 li {
  padding-left: 0.25em;
  margin-bottom: 1.5em;
}

.c4 li::marker {
  content: '✓';
}

.c1 {
  display: -webkit-box;
  display: -webkit-flex;
  display: -ms-flexbox;
  display: flex;
  -webkit-flex-direction: row;
  -ms-flex-direction: row;
  flex-direction: row;
  font-size: 1rem;
  -webkit-box-pack: center;
  -webkit-justify-content: center;
  -ms-flex-pack: center;
  justify-content: center;
  -webkit-align-items: center;
  -webkit-box-align: center;
  -ms-flex-align: center;
  align-items: center;
}

.c6 {
  color: #ffffff;
  background-color: #003D59;
  cursor: pointer;
  font-size: 1rem;
  display: -webkit-box;
  display: -webkit-flex;
  display: -ms-flexbox;
  display: flex;
  -webkit-align-items: center;
  -webkit-box-align: center;
  -ms-flex-align: center;
  align-items: center;
  -webkit-flex-direction: column;
  -ms-flex-direction: column;
  flex-direction: column;
  -webkit-box-pack: center;
  -webkit-justify-content: center;
  -ms-flex-pack: center;
  justify-content: center;
  border: 0px;
  border-radius: 6px;
  padding: 0.7em 1em;
}

.c6:active {
  background-color: #336D89;
}

.c5 {
  display: -webkit-box;
  display: -webkit-flex;
  display: -ms-flexbox;
  display: flex;
  -webkit-flex-direction: row;
  -ms-flex-direction: row;
  flex-direction: row;
  font-size: 1.2rem;
  font-family: BoldVf;
  margin: 0em 0em 0.5em 0em;
}

.c5 del {
  color: red;
}

.c5 .pricePeriodPlaceHolder {
  font-size: small;
  color: grey;
  line-height: 23px;
}

<div
    class="c0"
  >
    <div
      class="c1"
    >
      <div
        class="c2"
        style="flex: 0 0 20em; align-self: flex-start; align-items: center;"
      >
        <div
          class="c3"
        >
          title
        </div>
      </div>
      <ul
        class="c4"
        style="flex: 1 0 15em; max-width: 20em;"
      >
        <div>
          feature 1
        </div>
        <div>
          feature 2
        </div>
        <div>
          feature 3
        </div>
      </ul>
      <div
        class="c5"
        style="flex: 0 0 auto; margin: 0px 2em;"
      >
        <span
          class="pricePeriodPlaceHolder"
        >
           
        </span>
          
        <strong>
          £19.99
        </strong>
           
        <span
          class="pricePeriodPlaceHolder"
        >
          a month
        </span>
         
      </div>
      <button
        class="c6"
        style="flex: 0 0 7em; margin: 0px 2em;"
      >
        Add
      </button>
    </div>
  </div>
</DocumentFragment>
`;
