// Jest Snapshot v1, https://goo.gl/fbAQLP

exports[`<AddonPage/> should render AddonPage component correctly 1`] = `
<DocumentFragment>
  .c10 {
  color: #ffffff;
  background-color: #003D59;
  cursor: pointer;
  font-size: 1rem;
  display: -webkit-box;
  display: -webkit-flex;
  display: -ms-flexbox;
  display: flex;
  -webkit-align-items: center;
  -webkit-box-align: center;
  -ms-flex-align: center;
  align-items: center;
  -webkit-flex-direction: column;
  -ms-flex-direction: column;
  flex-direction: column;
  -webkit-box-pack: center;
  -webkit-justify-content: center;
  -ms-flex-pack: center;
  justify-content: center;
  border: 0px;
  border-radius: 6px;
  padding: 0.7em 1em;
}

.c10:active {
  background-color: #336D89;
}

.c4 {
  display: -webkit-box;
  display: -webkit-flex;
  display: -ms-flexbox;
  display: flex;
  -webkit-flex-direction: column;
  -ms-flex-direction: column;
  flex-direction: column;
}

.c4 img {
  margin: 1rem;
  width: 160px;
  border-radius: 10px;
}

.c6 {
  display: -webkit-box;
  display: -webkit-flex;
  display: -ms-flexbox;
  display: flex;
  -webkit-flex-direction: column;
  -ms-flex-direction: column;
  flex-direction: column;
}

.c7 {
  text-align: center;
  text-transform: uppercase;
  font-weight: bold;
  -webkit-box-pack: center;
  -webkit-justify-content: center;
  -ms-flex-pack: center;
  justify-content: center;
  font-size: 1.2em;
  margin: 0.5em 0em 0.5em 0em;
}

.c8 {
  color: black;
  font-size: em;
  padding-left: 2em;
  padding-right: 2em;
  width: calc(100% - 4em);
}

.c8 li {
  padding-left: 0.25em;
  margin-bottom: 1.5em;
}

.c8 li::marker {
  content: '✓';
}

.c5 {
  display: -webkit-box;
  display: -webkit-flex;
  display: -ms-flexbox;
  display: flex;
  -webkit-flex-direction: row;
  -ms-flex-direction: row;
  flex-direction: row;
  font-size: 1rem;
  -webkit-box-pack: center;
  -webkit-justify-content: center;
  -ms-flex-pack: center;
  justify-content: center;
  -webkit-align-items: center;
  -webkit-box-align: center;
  -ms-flex-align: center;
  align-items: center;
}

.c1 {
  background-color: #6300AA;
  display: -webkit-box;
  display: -webkit-flex;
  display: -ms-flexbox;
  display: flex;
  width: -webkit-fill-available;
  width: -moz-available;
  -webkit-align-items: center;
  -webkit-box-align: center;
  -ms-flex-align: center;
  align-items: center;
  color: white !important;
  padding: 0.6rem 0 0.6rem 0;
}

.c1 p {
  width: 100%;
  font-size: rem;
}

.c1 img {
  padding: 0 1em;
}

.c9 {
  display: -webkit-box;
  display: -webkit-flex;
  display: -ms-flexbox;
  display: flex;
  -webkit-flex-direction: row;
  -ms-flex-direction: row;
  flex-direction: row;
  font-size: 1.2rem;
  margin: 0em 0em 0.5em 0em;
}

.c9 del {
  color: red;
}

.c3 {
  display: -webkit-box;
  display: -webkit-flex;
  display: -ms-flexbox;
  display: flex;
  -webkit-flex-direction: column;
  -ms-flex-direction: column;
  flex-direction: column;
  width: 100%;
}

.c0 {
  display: -webkit-box;
  display: -webkit-flex;
  display: -ms-flexbox;
  display: flex;
  -webkit-flex-direction: column;
  -ms-flex-direction: column;
  flex-direction: column;
  -webkit-flex-wrap: wrap;
  -ms-flex-wrap: wrap;
  flex-wrap: wrap;
  -webkit-align-items: center;
  -webkit-box-align: center;
  -ms-flex-align: center;
  align-items: center;
  margin-bottom: 3em;
  background: #333333;
}

.c0 .introText {
  font-size: 1.2em;
  max-width: 50em;
}

.c0 .footerText {
  font-size: 1.2em;
  max-width: 50em;
}

.c0 .c2 {
  margin-top: 1em;
  margin-bottom: 5em;
  display: -webkit-box;
  display: -webkit-flex;
  display: -ms-flexbox;
  display: flex;
  -webkit-flex-direction: row;
  -ms-flex-direction: row;
  flex-direction: row;
  -webkit-flex-wrap: wrap;
  -ms-flex-wrap: wrap;
  flex-wrap: wrap;
  background: ##333333;
  -webkit-box-pack: center;
  -webkit-justify-content: center;
  -ms-flex-pack: center;
  justify-content: center;
}

<div
    class="c0"
  >
    <div
      class="c1"
    >
      <p>
        Test
      </p>
    </div>
    <div
      class="c2 c3"
    >
      <div
        class="c4"
      >
        <div
          class="c5"
        >
          <div
            class="c6"
            style="flex: 0 0 20em; align-self: flex-start; align-items: center;"
          >
            <div
              class="c7"
            >
              Basic
            </div>
          </div>
          <ul
            class="c8"
            style="flex: 1 0 15em; max-width: 20em;"
          >
            Feature 1
          </ul>
          <div
            class="c9"
            style="flex: 0 0 auto; margin: 0px 2em;"
          >
            £9.99
          </div>
          <button
            class="c10"
            style="flex: 0 0 7em; margin: 0px 2em;"
          >
            Add
          </button>
        </div>
      </div>
      <div
        class="c4"
      >
        <div
          class="c5"
        >
          <div
            class="c6"
            style="flex: 0 0 20em; align-self: flex-start; align-items: center;"
          >
            <div
              class="c7"
            >
              Better
            </div>
          </div>
          <ul
            class="c8"
            style="flex: 1 0 15em; max-width: 20em;"
          >
            Feature 1
          </ul>
          <div
            class="c9"
            style="flex: 0 0 auto; margin: 0px 2em;"
          >
            £29.99
          </div>
          <button
            class="c10"
            style="flex: 0 0 7em; margin: 0px 2em;"
          >
            Add
          </button>
        </div>
      </div>
      <div
        class="c4"
      >
        <div
          class="c5"
        >
          <div
            class="c6"
            style="flex: 0 0 20em; align-self: flex-start; align-items: center;"
          >
            <div
              class="c7"
            >
              Premium
            </div>
          </div>
          <ul
            class="c8"
            style="flex: 1 0 15em; max-width: 20em;"
          >
            Feature 1
          </ul>
          <div
            class="c9"
            style="flex: 0 0 auto; margin: 0px 2em;"
          >
            £39.99
          </div>
          <button
            class="c10"
            style="flex: 0 0 7em; margin: 0px 2em;"
          >
            Add
          </button>
        </div>
      </div>
    </div>
  </div>
</DocumentFragment>
`;
