// Jest Snapshot v1, https://goo.gl/fbAQLP

exports[`<Cell/> should render correctly 1`] = `
.c0 {
  display: -webkit-box;
  display: -webkit-flex;
  display: -ms-flexbox;
  display: flex;
  -webkit-flex-direction: column;
  -ms-flex-direction: column;
  flex-direction: column;
  text-align: center;
  -webkit-align-items: center;
  -webkit-box-align: center;
  -ms-flex-align: center;
  align-items: center;
  -webkit-box-pack: center;
  -webkit-justify-content: center;
  -ms-flex-pack: center;
  justify-content: center;
  color: #000000;
  background: #ffffff;
  min-width: 100px;
  height: 90px;
  border: 1px solid;
  border-color: lightgray;
  word-wrap: break-word;
  font-weight: bolder;
  font-size: small;
}

@media (max-width:600px) {
  .c0 {
    min-width: 180px;
  }
}

<div
  className="c0"
/>
`;
