// Jest Snapshot v1, https://goo.gl/fbAQLP

exports[`<ProductRange /> should render correctly 1`] = `
.c0 {
  display: -webkit-box;
  display: -webkit-flex;
  display: -ms-flexbox;
  display: flex;
  -webkit-flex-direction: column;
  -ms-flex-direction: column;
  flex-direction: column;
  -webkit-align-items: center;
  -webkit-box-align: center;
  -ms-flex-align: center;
  align-items: center;
  margin-bottom: 3em;
  background: #333333;
}

.c0 h2,
.c0 h1 {
  color: white;
}

.c0 .introText {
  font-size: 1.2em;
  max-width: 50em;
}

.c0 .footerText {
  font-size: 1.2em;
  max-width: 50em;
}

<div
  className="c0"
/>
`;
