// Jest Snapshot v1, https://goo.gl/fbAQLP

exports[`<BasketCard /> should render correctly Basket Card 1`] = `
<DocumentFragment>
  .c4 {
  text-align: center;
  text-transform: uppercase;
  font-weight: bold;
  font-family: BoldVf !important;
  -webkit-box-pack: center;
  -webkit-justify-content: center;
  -ms-flex-pack: center;
  justify-content: center;
  font-size: 1.2em;
  margin: 0.5em 0em 0.5em 0em;
}

.c5 {
  -webkit-box-pack: center;
  -webkit-justify-content: center;
  -ms-flex-pack: center;
  justify-content: center;
  color: #ffffff;
  font-size: 1.2em;
  margin: 0.5em 0em 0.5em 0em;
}

.c2 {
  display: -webkit-box;
  display: -webkit-flex;
  display: -ms-flexbox;
  display: flex;
  -webkit-align-items: center;
  -webkit-box-align: center;
  -ms-flex-align: center;
  align-items: center;
}

.c2 img {
  height: 36px;
  padding: 0 0.25em;
}

.c1 {
  background-color: white;
  display: -webkit-box;
  display: -webkit-flex;
  display: -ms-flexbox;
  display: flex;
  -webkit-flex-direction: column;
  -ms-flex-direction: column;
  flex-direction: column;
  width: 100%;
  padding: 16px 1em 24px 1em;
  -webkit-align-items: center;
  -webkit-box-align: center;
  -ms-flex-align: center;
  align-items: center;
  border: 7px;
  border-color: #000000;
  border-radius: 7px;
  max-width: 100%;
  color: black;
  box-shadow: 0 2px 4px 0 rgba(0,0,0,0.12);
  margin: 0em 1em 1em 1em;
}

.c1 .cardPriceDetails {
  display: -webkit-box;
  display: -webkit-flex;
  display: -ms-flexbox;
  display: flex;
  -webkit-flex-direction: row;
  -ms-flex-direction: row;
  flex-direction: row;
  -webkit-box-pack: center;
  -webkit-justify-content: center;
  -ms-flex-pack: center;
  justify-content: center;
}

.c1 .cardPriceDetails .cardprice {
  text-align: center;
  font-weight: bold;
  font-size: large;
}

.c1 .cardPriceDetails .periodPlaceholder {
  font-weight: bold;
  padding: 0.1em;
}

.c1 .c3 {
  color: black;
}

.c0 {
  display: -webkit-box;
  display: -webkit-flex;
  display: -ms-flexbox;
  display: flex;
  width: 100%;
}

<div
    class="c0"
  >
    <div
      class="c1"
    >
      <div
        class="c2"
      >
        <img
          alt="cardHeader"
          src="path to image"
        />
        <div
          class="c3 c4"
        >
          <div>
            title
          </div>
        </div>
      </div>
      <div
        class="c3 c5"
      >
        <div>
          subtitle
        </div>
        <br />
        <hr />
      </div>
    </div>
  </div>
</DocumentFragment>
`;
