// Jest Snapshot v1, https://goo.gl/fbAQLP

exports[`<CardHighlight /> should render correctly Highlighted Card 1`] = `
.c0 {
  border-color: #FFC000;
  background-color: yellow;
  color: #000000;
  border-top-style: solid;
  border-left-style: solid;
  border-right-style: solid;
  border: solid 2px;
  border-top-left-radius: 1.5em;
  border-top-right-radius: 1.5em;
  position: absolute;
  z-index: -1;
  text-align: center;
  width: 100%;
  min-height: 2.7em;
  padding: 0.5em 0 0.25em 0;
  display: -webkit-box;
  display: -webkit-flex;
  display: -ms-flexbox;
  display: flex;
  -webkit-flex-direction: column;
  -ms-flex-direction: column;
  flex-direction: column;
  top: -2.5em;
}

<div
  className="c0"
/>
`;
