// Jest Snapshot v1, https://goo.gl/fbAQLP

exports[`<ImageCell/> should render correctly 1`] = `
.c0 {
  display: -webkit-box;
  display: -webkit-flex;
  display: -ms-flexbox;
  display: flex;
  -webkit-flex-direction: column;
  -ms-flex-direction: column;
  flex-direction: column;
  text-align: center;
  -webkit-align-items: center;
  -webkit-box-align: center;
  -ms-flex-align: center;
  align-items: center;
  -webkit-box-pack: center;
  -webkit-justify-content: center;
  -ms-flex-pack: center;
  justify-content: center;
  color: #000000;
  background: #ffffff;
  min-width: 100px;
  height: 90px;
  border: 1px solid;
  border-color: lightgray;
  word-wrap: break-word;
  font-weight: bolder;
  font-size: small;
}

.c1 {
  width: 30px;
  margin-top: 0.5rem;
}

.c2 {
  max-width: 100px;
  padding: 0px 4px 0px 4px;
  grid-column: 1 / span 2;
}

@media (max-width:600px) {
  .c0 {
    min-width: 180px;
  }
}

@media (max-width:600px) {
  .c1 {
    width: 33px;
    margin-top: 0em;
    margin-bottom: 0.3em;
  }
}

@media (max-width:600px) {
  .c2 {
    max-width: -webkit-max-content;
    max-width: -moz-max-content;
    max-width: max-content;
  }
}

<div
  className="c0"
>
  <img
    alt=""
    className="c1"
    src="lifepro-prime1.png"
  />
  <div
    className="c2"
  />
</div>
`;
