// Jest Snapshot v1, https://goo.gl/fbAQLP

exports[`<HStack/> should render correctly 1`] = `
.c0 {
  display: -webkit-box;
  display: -webkit-flex;
  display: -ms-flexbox;
  display: flex;
  -webkit-flex-direction: row;
  -ms-flex-direction: row;
  flex-direction: row;
  font-size: 1rem;
  -webkit-box-pack: center;
  -webkit-justify-content: center;
  -ms-flex-pack: center;
  justify-content: center;
  -webkit-align-items: center;
  -webkit-box-align: center;
  -ms-flex-align: center;
  align-items: center;
}

.c1 {
  text-align: center;
  text-transform: uppercase;
  font-weight: bold;
  font-family: BoldVf !important;
  -webkit-box-pack: center;
  -webkit-justify-content: center;
  -ms-flex-pack: center;
  justify-content: center;
  font-size: 1.2em;
  margin: 0.5em 0em 0.5em 0em;
}

<div
  className="c0"
>
  <div
    className="c1"
  >
    Test Title
  </div>
</div>
`;
